// Jest Snapshot v1, https://goo.gl/fbAQLP

exports[`<App /> renders correctly 1`] = `
<ActivityIndicator
  color="#ffffff"
  size="large"
  style={
    {
      "alignItems": "center",
      "backgroundColor": "#1E1E1E",
      "flex": 1,
      "justifyContent": "center",
    }
  }
/>
`;
